---
source: src/rules/types_in_dependencies.rs
expression: issue.message()
---
  │ {
  │   "private": "true",     ← package is private...
  │   ...
  -   "dependencies": {      ← but has @types/* in dependencies...
  -      "@types/react": "..."
-      "@types/react-dom": "..."
  -   },
  │   ...
  +   "devDependencies": {   ← instead of devDependencies.
  +      "@types/react": "..."
+      "@types/react-dom": "..."
  +   }
  │ }
