---
source: src/rules/root_package_dependencies.rs
expression: issue.message()
---
  │ {
  │   "private": "true",     ← root package is private...
  │   ...
  -   "dependencies": {      ← but has dependencies...
  -      ...
  -   },
  │   ...
  +   "devDependencies": {   ← instead of devDependencies.
  +      ...
  +   }
  │ }
